// Jest Snapshot v1, https://goo.gl/fbAQLP

exports[`Test in <HookApp/> component Show component 1`] = `
<div>
  <h1>
    Hello World!
  </h1>
</div>
`;
