// Jest Snapshot v1, https://goo.gl/fbAQLP

exports[`Test in GifGridItem.js Show GifGridItem component correctly 1`] = `
<div
  className="card animate__animated animate__fadeIn"
>
  <img
    alt="Test Title"
    src="https://www.google.com"
  />
  <p>
    Test Title
  </p>
</div>
`;
